This is pdfTeX, Version 3.141592653-2.6-1.40.27 (TeX Live 2025) (preloaded format=pdflatex 2025.10.7)  7 MAR 2026 03:26
entering extended mode
 restricted \write18 enabled.
 file:line:error style messages enabled.
 %&-line parsing enabled.
**BP_Behavioral_FX_Dynamics_20260107.tex
(./BP_Behavioral_FX_Dynamics_20260107.tex
LaTeX2e <2024-11-01> patch level 2
L3 programming layer <2025-01-18>
(/usr/local/texlive/2025/texmf-dist/tex/latex/base/article.cls
Document Class: article 2024/06/29 v1.4n Standard LaTeX document class
(/usr/local/texlive/2025/texmf-dist/tex/latex/base/size10.clo
File: size10.clo 2024/06/29 v1.4n Standard LaTeX file (size option)
)
\c@part=\count196
\c@section=\count197
\c@subsection=\count198
\c@subsubsection=\count199
\c@paragraph=\count266
\c@subparagraph=\count267
\c@figure=\count268
\c@table=\count269
\abovecaptionskip=\skip49
\belowcaptionskip=\skip50
\bibindent=\dimen141
) (/usr/local/texlive/2025/texmf-dist/tex/latex/base/inputenc.sty
Package: inputenc 2024/02/08 v1.3d Input encoding file
\inpenc@prehook=\toks17
\inpenc@posthook=\toks18
) (/usr/local/texlive/2025/texmf-dist/tex/latex/base/fontenc.sty
Package: fontenc 2021/04/29 v2.0v Standard LaTeX package
) (/usr/local/texlive/2025/texmf-dist/tex/latex/setspace/setspace.sty
Package: setspace 2022/12/04 v6.7b set line spacing
) (/usr/local/texlive/2025/texmf-dist/tex/latex/graphics/graphicx.sty
Package: graphicx 2021/09/16 v1.2d Enhanced LaTeX Graphics (DPC,SPQR)
 (/usr/local/texlive/2025/texmf-dist/tex/latex/graphics/keyval.sty
Package: keyval 2022/05/29 v1.15 key=value parser (DPC)
\KV@toks@=\toks19
) (/usr/local/texlive/2025/texmf-dist/tex/latex/graphics/graphics.sty
Package: graphics 2024/08/06 v1.4g Standard LaTeX Graphics (DPC,SPQR)
 (/usr/local/texlive/2025/texmf-dist/tex/latex/graphics/trig.sty
Package: trig 2023/12/02 v1.11 sin cos tan (DPC)
) (/usr/local/texlive/2025/texmf-dist/tex/latex/graphics-cfg/graphics.cfg
File: graphics.cfg 2016/06/04 v1.11 sample graphics configuration
)
Package graphics Info: Driver file: pdftex.def on input line 106.
 (/usr/local/texlive/2025/texmf-dist/tex/latex/graphics-def/pdftex.def
File: pdftex.def 2024/04/13 v1.2c Graphics/color driver for pdftex
))
\Gin@req@height=\dimen142
\Gin@req@width=\dimen143
) (/usr/local/texlive/2025/texmf-dist/tex/latex/caption/caption.sty
Package: caption 2023/08/05 v3.6o Customizing captions (AR)
 (/usr/local/texlive/2025/texmf-dist/tex/latex/caption/caption3.sty
Package: caption3 2023/07/31 v2.4d caption3 kernel (AR)
\caption@tempdima=\dimen144
\captionmargin=\dimen145
\caption@leftmargin=\dimen146
\caption@rightmargin=\dimen147
\caption@width=\dimen148
\caption@indent=\dimen149
\caption@parindent=\dimen150
\caption@hangindent=\dimen151
Package caption Info: Standard document class detected.
)
\c@caption@flags=\count270
\c@continuedfloat=\count271
) (/usr/local/texlive/2025/texmf-dist/tex/latex/etoolbox/etoolbox.sty
Package: etoolbox 2025/02/11 v2.5l e-TeX tools for LaTeX (JAW)
\etb@tempcnta=\count272
) (/usr/local/texlive/2025/texmf-dist/tex/latex/float/float.sty
Package: float 2001/11/08 v1.3d Float enhancements (AL)
\c@float@type=\count273
\float@exts=\toks20
\float@box=\box52
\@float@everytoks=\toks21
\@floatcapt=\box53
) (/usr/local/texlive/2025/texmf-dist/tex/latex/amsmath/amsmath.sty
Package: amsmath 2024/11/05 v2.17t AMS math features
\@mathmargin=\skip51

For additional information on amsmath, use the `?' option.
(/usr/local/texlive/2025/texmf-dist/tex/latex/amsmath/amstext.sty
Package: amstext 2021/08/26 v2.01 AMS text
 (/usr/local/texlive/2025/texmf-dist/tex/latex/amsmath/amsgen.sty
File: amsgen.sty 1999/11/30 v2.0 generic functions
\@emptytoks=\toks22
\ex@=\dimen152
)) (/usr/local/texlive/2025/texmf-dist/tex/latex/amsmath/amsbsy.sty
Package: amsbsy 1999/11/29 v1.2d Bold Symbols
\pmbraise@=\dimen153
) (/usr/local/texlive/2025/texmf-dist/tex/latex/amsmath/amsopn.sty
Package: amsopn 2022/04/08 v2.04 operator names
)
\inf@bad=\count274
LaTeX Info: Redefining \frac on input line 233.
\uproot@=\count275
\leftroot@=\count276
LaTeX Info: Redefining \overline on input line 398.
LaTeX Info: Redefining \colon on input line 409.
\classnum@=\count277
\DOTSCASE@=\count278
LaTeX Info: Redefining \ldots on input line 495.
LaTeX Info: Redefining \dots on input line 498.
LaTeX Info: Redefining \cdots on input line 619.
\Mathstrutbox@=\box54
\strutbox@=\box55
LaTeX Info: Redefining \big on input line 721.
LaTeX Info: Redefining \Big on input line 722.
LaTeX Info: Redefining \bigg on input line 723.
LaTeX Info: Redefining \Bigg on input line 724.
\big@size=\dimen154
LaTeX Font Info:    Redeclaring font encoding OML on input line 742.
LaTeX Font Info:    Redeclaring font encoding OMS on input line 743.
\macc@depth=\count279
LaTeX Info: Redefining \bmod on input line 904.
LaTeX Info: Redefining \pmod on input line 909.
LaTeX Info: Redefining \smash on input line 939.
LaTeX Info: Redefining \relbar on input line 969.
LaTeX Info: Redefining \Relbar on input line 970.
\c@MaxMatrixCols=\count280
\dotsspace@=\muskip17
\c@parentequation=\count281
\dspbrk@lvl=\count282
\tag@help=\toks23
\row@=\count283
\column@=\count284
\maxfields@=\count285
\andhelp@=\toks24
\eqnshift@=\dimen155
\alignsep@=\dimen156
\tagshift@=\dimen157
\tagwidth@=\dimen158
\totwidth@=\dimen159
\lineht@=\dimen160
\@envbody=\toks25
\multlinegap=\skip52
\multlinetaggap=\skip53
\mathdisplay@stack=\toks26
LaTeX Info: Redefining \[ on input line 2953.
LaTeX Info: Redefining \] on input line 2954.
) (/usr/local/texlive/2025/texmf-dist/tex/latex/amsfonts/amssymb.sty
Package: amssymb 2013/01/14 v3.01 AMS font symbols
 (/usr/local/texlive/2025/texmf-dist/tex/latex/amsfonts/amsfonts.sty
Package: amsfonts 2013/01/14 v3.01 Basic AMSFonts support
\symAMSa=\mathgroup4
\symAMSb=\mathgroup5
LaTeX Font Info:    Redeclaring math symbol \hbar on input line 98.
LaTeX Font Info:    Overwriting math alphabet `\mathfrak' in version `bold'
(Font)                  U/euf/m/n --> U/euf/b/n on input line 106.
)) (/usr/local/texlive/2025/texmf-dist/tex/latex/booktabs/booktabs.sty
Package: booktabs 2020/01/12 v1.61803398 Publication quality tables
\heavyrulewidth=\dimen161
\lightrulewidth=\dimen162
\cmidrulewidth=\dimen163
\belowrulesep=\dimen164
\belowbottomsep=\dimen165
\aboverulesep=\dimen166
\abovetopsep=\dimen167
\cmidrulesep=\dimen168
\cmidrulekern=\dimen169
\defaultaddspace=\dimen170
\@cmidla=\count286
\@cmidlb=\count287
\@aboverulesep=\dimen171
\@belowrulesep=\dimen172
\@thisruleclass=\count288
\@lastruleclass=\count289
\@thisrulewidth=\dimen173
) (/usr/local/texlive/2025/texmf-dist/tex/latex/pdflscape/pdflscape.sty
Package: pdflscape 2022-10-27 v0.13 Display of landscape pages in PDF
 (/usr/local/texlive/2025/texmf-dist/tex/latex/pdflscape/pdflscape-nometadata.sty
Package: pdflscape-nometadata 2022-10-28 v0.13 Display of landscape pages in PDF (HO)
 (/usr/local/texlive/2025/texmf-dist/tex/generic/iftex/iftex.sty
Package: iftex 2024/12/12 v1.0g TeX engine tests
) (/usr/local/texlive/2025/texmf-dist/tex/latex/graphics/lscape.sty
Package: lscape 2020/05/28 v3.02 Landscape Pages (DPC)
)
Package pdflscape Info: Auto-detected driver: pdftex on input line 81.
)) (/usr/local/texlive/2025/texmf-dist/tex/latex/makecell/makecell.sty
Package: makecell 2009/08/03 V0.1e Managing of Tab Column Heads and Cells
 (/usr/local/texlive/2025/texmf-dist/tex/latex/tools/array.sty
Package: array 2024/10/17 v2.6g Tabular extension package (FMi)
\col@sep=\dimen174
\ar@mcellbox=\box56
\extrarowheight=\dimen175
\NC@list=\toks27
\extratabsurround=\skip54
\backup@length=\skip55
\ar@cellbox=\box57
)
\rotheadsize=\dimen176
\c@nlinenum=\count290
\TeXr@lab=\toks28
) (/usr/local/texlive/2025/texmf-dist/tex/latex/caption/subcaption.sty
Package: subcaption 2023/07/28 v1.6b Sub-captions (AR)
Package caption Info: New subtype `subfigure' on input line 238.
\c@subfigure=\count291
Package caption Info: New subtype `subtable' on input line 238.
\c@subtable=\count292
) (/usr/local/texlive/2025/texmf-dist/tex/latex/natbib/natbib.sty
Package: natbib 2010/09/13 8.31b (PWD, AO)
\bibhang=\skip56
\bibsep=\skip57
LaTeX Info: Redefining \cite on input line 694.
\c@NAT@ctr=\count293
) (/usr/local/texlive/2025/texmf-dist/tex/latex/hyperref/hyperref.sty
Package: hyperref 2024-11-05 v7.01l Hypertext links for LaTeX
 (/usr/local/texlive/2025/texmf-dist/tex/latex/kvsetkeys/kvsetkeys.sty
Package: kvsetkeys 2022-10-05 v1.19 Key value parser (HO)
) (/usr/local/texlive/2025/texmf-dist/tex/generic/kvdefinekeys/kvdefinekeys.sty
Package: kvdefinekeys 2019-12-19 v1.6 Define keys (HO)
) (/usr/local/texlive/2025/texmf-dist/tex/generic/pdfescape/pdfescape.sty
Package: pdfescape 2019/12/09 v1.15 Implements pdfTeX's escape features (HO)
 (/usr/local/texlive/2025/texmf-dist/tex/generic/ltxcmds/ltxcmds.sty
Package: ltxcmds 2023-12-04 v1.26 LaTeX kernel commands for general use (HO)
) (/usr/local/texlive/2025/texmf-dist/tex/generic/pdftexcmds/pdftexcmds.sty
Package: pdftexcmds 2020-06-27 v0.33 Utility functions of pdfTeX for LuaTeX (HO)
 (/usr/local/texlive/2025/texmf-dist/tex/generic/infwarerr/infwarerr.sty
Package: infwarerr 2019/12/03 v1.5 Providing info/warning/error messages (HO)
)
Package pdftexcmds Info: \pdf@primitive is available.
Package pdftexcmds Info: \pdf@ifprimitive is available.
Package pdftexcmds Info: \pdfdraftmode found.
)) (/usr/local/texlive/2025/texmf-dist/tex/latex/hycolor/hycolor.sty
Package: hycolor 2020-01-27 v1.10 Color options for hyperref/bookmark (HO)
) (/usr/local/texlive/2025/texmf-dist/tex/latex/hyperref/nameref.sty
Package: nameref 2023-11-26 v2.56 Cross-referencing by name of section
 (/usr/local/texlive/2025/texmf-dist/tex/latex/refcount/refcount.sty
Package: refcount 2019/12/15 v3.6 Data extraction from label references (HO)
) (/usr/local/texlive/2025/texmf-dist/tex/generic/gettitlestring/gettitlestring.sty
Package: gettitlestring 2019/12/15 v1.6 Cleanup title references (HO)
 (/usr/local/texlive/2025/texmf-dist/tex/latex/kvoptions/kvoptions.sty
Package: kvoptions 2022-06-15 v3.15 Key value format for package options (HO)
))
\c@section@level=\count294
) (/usr/local/texlive/2025/texmf-dist/tex/generic/stringenc/stringenc.sty
Package: stringenc 2019/11/29 v1.12 Convert strings between diff. encodings (HO)
)
\@linkdim=\dimen177
\Hy@linkcounter=\count295
\Hy@pagecounter=\count296
 (/usr/local/texlive/2025/texmf-dist/tex/latex/hyperref/pd1enc.def
File: pd1enc.def 2024-11-05 v7.01l Hyperref: PDFDocEncoding definition (HO)
Now handling font encoding PD1 ...
... no UTF-8 mapping file for font encoding PD1
) (/usr/local/texlive/2025/texmf-dist/tex/generic/intcalc/intcalc.sty
Package: intcalc 2019/12/15 v1.3 Expandable calculations with integers (HO)
)
\Hy@SavedSpaceFactor=\count297
 (/usr/local/texlive/2025/texmf-dist/tex/latex/hyperref/puenc.def
File: puenc.def 2024-11-05 v7.01l Hyperref: PDF Unicode definition (HO)
Now handling font encoding PU ...
... no UTF-8 mapping file for font encoding PU
)
Package hyperref Info: Option `final' set `true' on input line 4040.
Package hyperref Info: Hyper figures OFF on input line 4157.
Package hyperref Info: Link nesting OFF on input line 4162.
Package hyperref Info: Hyper index ON on input line 4165.
Package hyperref Info: Plain pages OFF on input line 4172.
Package hyperref Info: Backreferencing OFF on input line 4177.
Package hyperref Info: Implicit mode ON; LaTeX internals redefined.
Package hyperref Info: Bookmarks ON on input line 4424.
\c@Hy@tempcnt=\count298
 (/usr/local/texlive/2025/texmf-dist/tex/latex/url/url.sty
\Urlmuskip=\muskip18
Package: url 2013/09/16  ver 3.4  Verb mode for urls, etc.
)
LaTeX Info: Redefining \url on input line 4763.
\XeTeXLinkMargin=\dimen178
 (/usr/local/texlive/2025/texmf-dist/tex/generic/bitset/bitset.sty
Package: bitset 2019/12/09 v1.3 Handle bit-vector datatype (HO)
 (/usr/local/texlive/2025/texmf-dist/tex/generic/bigintcalc/bigintcalc.sty
Package: bigintcalc 2019/12/15 v1.5 Expandable calculations on big integers (HO)
))
\Fld@menulength=\count299
\Field@Width=\dimen179
\Fld@charsize=\dimen180
Package hyperref Info: Hyper figures OFF on input line 6042.
Package hyperref Info: Link nesting OFF on input line 6047.
Package hyperref Info: Hyper index ON on input line 6050.
Package hyperref Info: backreferencing OFF on input line 6057.
Package hyperref Info: Link coloring OFF on input line 6062.
Package hyperref Info: Link coloring with OCG OFF on input line 6067.
Package hyperref Info: PDF/A mode OFF on input line 6072.
 (/usr/local/texlive/2025/texmf-dist/tex/latex/base/atbegshi-ltx.sty
Package: atbegshi-ltx 2021/01/10 v1.0c Emulation of the original atbegshi
package with kernel methods
)
\Hy@abspage=\count300
\c@Item=\count301
\c@Hfootnote=\count302
)
Package hyperref Info: Driver (autodetected): hpdftex.
 (/usr/local/texlive/2025/texmf-dist/tex/latex/hyperref/hpdftex.def
File: hpdftex.def 2024-11-05 v7.01l Hyperref driver for pdfTeX
 (/usr/local/texlive/2025/texmf-dist/tex/latex/base/atveryend-ltx.sty
Package: atveryend-ltx 2020/08/19 v1.0a Emulation of the original atveryend package
with kernel methods
)
\Fld@listcount=\count303
\c@bookmark@seq@number=\count304
 (/usr/local/texlive/2025/texmf-dist/tex/latex/rerunfilecheck/rerunfilecheck.sty
Package: rerunfilecheck 2022-07-10 v1.10 Rerun checks for auxiliary files (HO)
 (/usr/local/texlive/2025/texmf-dist/tex/generic/uniquecounter/uniquecounter.sty
Package: uniquecounter 2019/12/15 v1.4 Provide unlimited unique counter (HO)
)
Package uniquecounter Info: New unique counter `rerunfilecheck' on input line 285.
)
\Hy@SectionHShift=\skip58
) (/usr/local/texlive/2025/texmf-dist/tex/latex/preprint/authblk.sty
Package: authblk 2001/02/27 1.3 (PWD)
\affilsep=\skip59
\@affilsep=\skip60
\c@Maxaffil=\count305
\c@authors=\count306
\c@affil=\count307
) (/usr/local/texlive/2025/texmf-dist/tex/latex/xcolor/xcolor.sty
Package: xcolor 2024/09/29 v3.02 LaTeX color extensions (UK)
 (/usr/local/texlive/2025/texmf-dist/tex/latex/graphics-cfg/color.cfg
File: color.cfg 2016/01/02 v1.6 sample color configuration
)
Package xcolor Info: Driver file: pdftex.def on input line 274.
 (/usr/local/texlive/2025/texmf-dist/tex/latex/graphics/mathcolor.ltx)
Package xcolor Info: Model `cmy' substituted by `cmy0' on input line 1349.
Package xcolor Info: Model `hsb' substituted by `rgb' on input line 1353.
Package xcolor Info: Model `RGB' extended on input line 1365.
Package xcolor Info: Model `HTML' substituted by `rgb' on input line 1367.
Package xcolor Info: Model `Hsb' substituted by `hsb' on input line 1368.
Package xcolor Info: Model `tHsb' substituted by `hsb' on input line 1369.
Package xcolor Info: Model `HSB' substituted by `hsb' on input line 1370.
Package xcolor Info: Model `Gray' substituted by `gray' on input line 1371.
Package xcolor Info: Model `wave' substituted by `hsb' on input line 1372.
)
Package hyperref Info: Option `colorlinks' set `true' on input line 24.
 (/usr/local/texlive/2025/texmf-dist/tex/latex/threeparttable/threeparttable.sty
Package: threeparttable 2003/06/13  v 3.0
\@tempboxb=\box58
) (/usr/local/texlive/2025/texmf-dist/tex/latex/tools/tabularx.sty
Package: tabularx 2023/12/11 v2.12a `tabularx' package (DPC)
\TX@col@width=\dimen181
\TX@old@table=\dimen182
\TX@old@col=\dimen183
\TX@target=\dimen184
\TX@delta=\dimen185
\TX@cols=\count308
\TX@ftn=\toks29
) (/usr/local/texlive/2025/texmf-dist/tex/latex/ragged2e/ragged2e.sty
Package: ragged2e 2023/06/22 v3.6 ragged2e Package
\CenteringLeftskip=\skip61
\RaggedLeftLeftskip=\skip62
\RaggedRightLeftskip=\skip63
\CenteringRightskip=\skip64
\RaggedLeftRightskip=\skip65
\RaggedRightRightskip=\skip66
\CenteringParfillskip=\skip67
\RaggedLeftParfillskip=\skip68
\RaggedRightParfillskip=\skip69
\JustifyingParfillskip=\skip70
\CenteringParindent=\skip71
\RaggedLeftParindent=\skip72
\RaggedRightParindent=\skip73
\JustifyingParindent=\skip74
) (/usr/local/texlive/2025/texmf-dist/tex/latex/siunitx/siunitx.sty
Package: siunitx 2025-02-27 v3.4.6 A comprehensive (SI) units package
\l__siunitx_number_uncert_offset_int=\count309
\l__siunitx_number_exponent_fixed_int=\count310
\l__siunitx_number_min_decimal_int=\count311
\l__siunitx_number_min_integer_int=\count312
\l__siunitx_number_round_precision_int=\count313
\l__siunitx_number_lower_threshold_int=\count314
\l__siunitx_number_upper_threshold_int=\count315
\l__siunitx_number_group_first_int=\count316
\l__siunitx_number_group_size_int=\count317
\l__siunitx_number_group_minimum_int=\count318
\l__siunitx_angle_tmp_dim=\dimen186
\l__siunitx_angle_marker_box=\box59
\l__siunitx_angle_unit_box=\box60
\l__siunitx_compound_count_int=\count319
 (/usr/local/texlive/2025/texmf-dist/tex/latex/translations/translations.sty
Package: translations 2022/02/05 v1.12 internationalization of LaTeX2e packages (CN)
)
\l__siunitx_table_tmp_box=\box61
\l__siunitx_table_tmp_dim=\dimen187
\l__siunitx_table_column_width_dim=\dimen188
\l__siunitx_table_integer_box=\box62
\l__siunitx_table_decimal_box=\box63
\l__siunitx_table_uncert_box=\box64
\l__siunitx_table_before_box=\box65
\l__siunitx_table_after_box=\box66
\l__siunitx_table_before_dim=\dimen189
\l__siunitx_table_carry_dim=\dimen190
\l__siunitx_unit_tmp_int=\count320
\l__siunitx_unit_position_int=\count321
\l__siunitx_unit_total_int=\count322
)

Package siunitx Info: Option "detect-all" has been deprecated in this release.
(siunitx)             
(siunitx)             Use "mode = match, propagate-math-font = true,
(siunitx)             reset-math-version = false, reset-text-family = false,
(siunitx)             reset-text-series = false, reset-text-shape = false,
(siunitx)             text-family-to-math = true, text-series-to-math = true"
(siunitx)             as a replacement.

Package translations Info: No language package found. I am going to use `english' as default language. on input line 49.
 (/usr/local/texlive/2025/texmf-dist/tex/latex/l3backend/l3backend-pdftex.def
File: l3backend-pdftex.def 2024-05-08 L3 backend support: PDF output (pdfTeX)
\l__color_backend_stack_int=\count323
\l__pdf_internal_box=\box67
) (./BP_Behavioral_FX_Dynamics_20260107.aux)
\openout1 = `BP_Behavioral_FX_Dynamics_20260107.aux'.

LaTeX Font Info:    Checking defaults for OML/cmm/m/it on input line 49.
LaTeX Font Info:    ... okay on input line 49.
LaTeX Font Info:    Checking defaults for OMS/cmsy/m/n on input line 49.
LaTeX Font Info:    ... okay on input line 49.
LaTeX Font Info:    Checking defaults for OT1/cmr/m/n on input line 49.
LaTeX Font Info:    ... okay on input line 49.
LaTeX Font Info:    Checking defaults for T1/cmr/m/n on input line 49.
LaTeX Font Info:    ... okay on input line 49.
LaTeX Font Info:    Checking defaults for TS1/cmr/m/n on input line 49.
LaTeX Font Info:    ... okay on input line 49.
LaTeX Font Info:    Checking defaults for OMX/cmex/m/n on input line 49.
LaTeX Font Info:    ... okay on input line 49.
LaTeX Font Info:    Checking defaults for U/cmr/m/n on input line 49.
LaTeX Font Info:    ... okay on input line 49.
LaTeX Font Info:    Checking defaults for PD1/pdf/m/n on input line 49.
LaTeX Font Info:    ... okay on input line 49.
LaTeX Font Info:    Checking defaults for PU/pdf/m/n on input line 49.
LaTeX Font Info:    ... okay on input line 49.
 (/usr/local/texlive/2025/texmf-dist/tex/context/base/mkii/supp-pdf.mkii
[Loading MPS to PDF converter (version 2006.09.02).]
\scratchcounter=\count324
\scratchdimen=\dimen191
\scratchbox=\box68
\nofMPsegments=\count325
\nofMParguments=\count326
\everyMPshowfont=\toks30
\MPscratchCnt=\count327
\MPscratchDim=\dimen192
\MPnumerator=\count328
\makeMPintoPDFobject=\count329
\everyMPtoPDFconversion=\toks31
) (/usr/local/texlive/2025/texmf-dist/tex/latex/epstopdf-pkg/epstopdf-base.sty
Package: epstopdf-base 2020-01-24 v2.11 Base part for package epstopdf
Package epstopdf-base Info: Redefining graphics rule for `.eps' on input line 485.
 (/usr/local/texlive/2025/texmf-dist/tex/latex/latexconfig/epstopdf-sys.cfg
File: epstopdf-sys.cfg 2010/07/13 v1.3 Configuration of (r)epstopdf for TeX Live
))
Package caption Info: Begin \AtBeginDocument code.
Package caption Info: float package is loaded.
Package caption Info: hyperref package is loaded.
Package caption Info: threeparttable package is loaded.
Package caption Info: End \AtBeginDocument code.
Package hyperref Info: Link coloring ON on input line 49.
 (./BP_Behavioral_FX_Dynamics_20260107.out) (./BP_Behavioral_FX_Dynamics_20260107.out)
\@outlinefile=\write3
\openout3 = `BP_Behavioral_FX_Dynamics_20260107.out'.

 (/usr/local/texlive/2025/texmf-dist/tex/latex/translations/translations-basic-dictionary-english.trsl
File: translations-basic-dictionary-english.trsl (english translation file `translations-basic-dictionary')
)
Package translations Info: loading dictionary `translations-basic-dictionary' for `english'. on input line 49.
LaTeX Font Info:    Trying to load font information for U+msa on input line 60.
 (/usr/local/texlive/2025/texmf-dist/tex/latex/amsfonts/umsa.fd
File: umsa.fd 2013/01/14 v3.01 AMS symbols A
)
LaTeX Font Info:    Trying to load font information for U+msb on input line 60.
 (/usr/local/texlive/2025/texmf-dist/tex/latex/amsfonts/umsb.fd
File: umsb.fd 2013/01/14 v3.01 AMS symbols B
)

[1

{/usr/local/texlive/2025/texmf-var/fonts/map/pdftex/updmap/pdftex.map}{/usr/local/texlive/2025/texmf-dist/fonts/enc/dvips/cm-super/cm-super-t1.enc}{/usr/local/texlive/2025/texmf-dist/fonts/enc/dvips/cm-super/cm-super-ts1.enc}] (./BP_Behavioral_FX_Dynamics_20260107.toc)
\tf@toc=\write4
\openout4 = `BP_Behavioral_FX_Dynamics_20260107.toc'.



[2

]


pdfTeX warning (ext4): destination with the same identifier (name{page.1}) has been already used, duplicate ignored
<to be read again> 
                   \relax 
l.98 
      [1

]


pdfTeX warning (ext4): destination with the same identifier (name{page.2}) has been already used, duplicate ignored
<to be read again> 
                   \relax 
l.111 
       [2]

[3]
Overfull \hbox (4.16107pt too wide) in paragraph at lines 123--125
 []\T1/cmr/bx/n/10 Chartists vs. fun-da-men-tal-ists and en-doge-nous switch-ing.[] \T1/cmr/m/n/10 Build-ing on stan-dard DSGE/NOEM
 []



[4]

[5]
Overfull \hbox (14.34499pt too wide) in paragraph at lines 141--144
 []\T1/cmr/bx/n/10 Nonlinearity from lim-its to ar-bi-trage and state de-pen-dence.[] \T1/cmr/m/n/10 A key im-pli-ca-tion of heterogeneous-
 []



[6]

[7]

[8]

Package natbib Warning: Multiple citation on page 9: same authors and year
(natbib)                without distinguishing extra letter,
(natbib)                appears as question mark.



[9]

[10]

[11]

[12]

[13]

[14]
<log_nominal_vs_ppp_6panel.pdf, id=562, 862.85362pt x 587.0934pt>
File: log_nominal_vs_ppp_6panel.pdf Graphic file (type pdf)
<use log_nominal_vs_ppp_6panel.pdf>
Package pdftex.def Info: log_nominal_vs_ppp_6panel.pdf  used on input line 377.
(pdftex.def)             Requested size: 441.01772pt x 300.06763pt.


[15]

[16 <./log_nominal_vs_ppp_6panel.pdf>]

[17]
Underfull \hbox (badness 10000) in paragraph at lines 402--422
[][]
 []


Underfull \hbox (badness 10000) in paragraph at lines 424--425
[]\T1/cmr/m/it/9 Note\T1/cmr/m/n/9 : Transition-variable def-i-ni-tions fol-low the no-ta-tion in-tro-duced in Sec-tion [][]3[][].
 []



[18]
Underfull \hbox (badness 10000) in paragraph at lines 436--458
[][]
 []



[19]
<Australia_str_scatter.pdf, id=693, 245.718pt x 173.38779pt>
File: Australia_str_scatter.pdf Graphic file (type pdf)
<use Australia_str_scatter.pdf>
Package pdftex.def Info: Australia_str_scatter.pdf  used on input line 507.
(pdftex.def)             Requested size: 105.84666pt x 74.69022pt.
<Brazil_str_scatter.pdf, id=694, 245.718pt x 173.38779pt>
File: Brazil_str_scatter.pdf Graphic file (type pdf)
<use Brazil_str_scatter.pdf>
Package pdftex.def Info: Brazil_str_scatter.pdf  used on input line 511.
(pdftex.def)             Requested size: 105.84666pt x 74.69022pt.
<Canada_str_scatter.pdf, id=695, 245.20377pt x 173.38779pt>
File: Canada_str_scatter.pdf Graphic file (type pdf)
<use Canada_str_scatter.pdf>
Package pdftex.def Info: Canada_str_scatter.pdf  used on input line 515.
(pdftex.def)             Requested size: 105.84666pt x 74.84366pt.
<Euro_Area_str_scatter.pdf, id=696, 245.718pt x 173.38779pt>
File: Euro_Area_str_scatter.pdf Graphic file (type pdf)
<use Euro_Area_str_scatter.pdf>
Package pdftex.def Info: Euro_Area_str_scatter.pdf  used on input line 519.
(pdftex.def)             Requested size: 105.84666pt x 74.69022pt.
<Indonesia_str_scatter.pdf, id=697, 245.718pt x 173.38779pt>
File: Indonesia_str_scatter.pdf Graphic file (type pdf)
<use Indonesia_str_scatter.pdf>
Package pdftex.def Info: Indonesia_str_scatter.pdf  used on input line 527.
(pdftex.def)             Requested size: 105.84666pt x 74.69022pt.
<Japan_str_scatter.pdf, id=698, 245.3419pt x 173.38779pt>
File: Japan_str_scatter.pdf Graphic file (type pdf)
<use Japan_str_scatter.pdf>
Package pdftex.def Info: Japan_str_scatter.pdf  used on input line 531.
(pdftex.def)             Requested size: 105.84666pt x 74.80397pt.
<Korea_str_scatter.pdf, id=699, 245.718pt x 173.38779pt>
File: Korea_str_scatter.pdf Graphic file (type pdf)
<use Korea_str_scatter.pdf>
Package pdftex.def Info: Korea_str_scatter.pdf  used on input line 535.
(pdftex.def)             Requested size: 105.84666pt x 74.69022pt.
<Mexico_str_scatter.pdf, id=700, 245.718pt x 173.38779pt>
File: Mexico_str_scatter.pdf Graphic file (type pdf)
<use Mexico_str_scatter.pdf>
Package pdftex.def Info: Mexico_str_scatter.pdf  used on input line 539.
(pdftex.def)             Requested size: 105.84666pt x 74.69022pt.
<New_Zealand_str_scatter.pdf, id=701, 245.718pt x 173.38779pt>
File: New_Zealand_str_scatter.pdf Graphic file (type pdf)
<use New_Zealand_str_scatter.pdf>
Package pdftex.def Info: New_Zealand_str_scatter.pdf  used on input line 547.
(pdftex.def)             Requested size: 105.84666pt x 74.69022pt.
<Philippines_str_scatter.pdf, id=702, 245.66692pt x 173.38779pt>
File: Philippines_str_scatter.pdf Graphic file (type pdf)
<use Philippines_str_scatter.pdf>
Package pdftex.def Info: Philippines_str_scatter.pdf  used on input line 551.
(pdftex.def)             Requested size: 105.84666pt x 74.70345pt.
<Switzerland_str_scatter.pdf, id=703, 245.41905pt x 173.38779pt>
File: Switzerland_str_scatter.pdf Graphic file (type pdf)
<use Switzerland_str_scatter.pdf>
Package pdftex.def Info: Switzerland_str_scatter.pdf  used on input line 555.
(pdftex.def)             Requested size: 105.84666pt x 74.78017pt.
<Thailand_str_scatter.pdf, id=704, 245.718pt x 173.38779pt>
File: Thailand_str_scatter.pdf Graphic file (type pdf)
<use Thailand_str_scatter.pdf>
Package pdftex.def Info: Thailand_str_scatter.pdf  used on input line 559.
(pdftex.def)             Requested size: 105.84666pt x 74.69022pt.
<Türkiye_str_scatter.pdf, id=705, 245.718pt x 173.38779pt>
File: Türkiye_str_scatter.pdf Graphic file (type pdf)
<use Türkiye_str_scatter.pdf>
Package pdftex.def Info: Türkiye_str_scatter.pdf  used on input line 567.
(pdftex.def)             Requested size: 105.84666pt x 74.69022pt.
<United_Kingdom_str_scatter.pdf, id=706, 245.718pt x 173.38779pt>
File: United_Kingdom_str_scatter.pdf Graphic file (type pdf)
<use United_Kingdom_str_scatter.pdf>
Package pdftex.def Info: United_Kingdom_str_scatter.pdf  used on input line 571.
(pdftex.def)             Requested size: 105.84666pt x 74.69022pt.


[20]

[21 <./Australia_str_scatter.pdf> <./Brazil_str_scatter.pdf> <./Canada_str_scatter.pdf> <./Euro_Area_str_scatter.pdf> <./Indonesia_str_scatter.pdf> <./Japan_str_scatter.pdf> <./Korea_str_scatter.pdf> <./Mexico_str_scatter.pdf> <./New_Zealand_str_scatter.pdf> <./Philippines_str_scatter.pdf> <./Switzerland_str_scatter.pdf> <./Thailand_str_scatter.pdf> <./Türkiye_str_scatter.pdf> <./United_Kingdom_str_scatter.pdf>]
Underfull \hbox (badness 10000) in paragraph at lines 600--622
[][]
 []



[22]
<Australia_buip_scatter.pdf, id=1031, 245.718pt x 173.38779pt>
File: Australia_buip_scatter.pdf Graphic file (type pdf)
<use Australia_buip_scatter.pdf>
Package pdftex.def Info: Australia_buip_scatter.pdf  used on input line 671.
(pdftex.def)             Requested size: 105.84666pt x 74.69022pt.
<Brazil_buip_scatter.pdf, id=1032, 245.718pt x 173.38779pt>
File: Brazil_buip_scatter.pdf Graphic file (type pdf)
<use Brazil_buip_scatter.pdf>
Package pdftex.def Info: Brazil_buip_scatter.pdf  used on input line 675.
(pdftex.def)             Requested size: 105.84666pt x 74.69022pt.
<Canada_buip_scatter.pdf, id=1033, 245.718pt x 173.38779pt>
File: Canada_buip_scatter.pdf Graphic file (type pdf)
<use Canada_buip_scatter.pdf>
Package pdftex.def Info: Canada_buip_scatter.pdf  used on input line 679.
(pdftex.def)             Requested size: 105.84666pt x 74.69022pt.
<Euro_Area_buip_scatter.pdf, id=1034, 245.718pt x 173.38779pt>
File: Euro_Area_buip_scatter.pdf Graphic file (type pdf)
<use Euro_Area_buip_scatter.pdf>
Package pdftex.def Info: Euro_Area_buip_scatter.pdf  used on input line 683.
(pdftex.def)             Requested size: 105.84666pt x 74.69022pt.
<Indonesia_buip_scatter.pdf, id=1035, 245.718pt x 173.38779pt>
File: Indonesia_buip_scatter.pdf Graphic file (type pdf)
<use Indonesia_buip_scatter.pdf>
Package pdftex.def Info: Indonesia_buip_scatter.pdf  used on input line 691.
(pdftex.def)             Requested size: 105.84666pt x 74.69022pt.
<Japan_buip_scatter.pdf, id=1036, 245.718pt x 173.38779pt>
File: Japan_buip_scatter.pdf Graphic file (type pdf)
<use Japan_buip_scatter.pdf>
Package pdftex.def Info: Japan_buip_scatter.pdf  used on input line 695.
(pdftex.def)             Requested size: 105.84666pt x 74.69022pt.
<Korea_buip_scatter.pdf, id=1037, 245.718pt x 173.38779pt>
File: Korea_buip_scatter.pdf Graphic file (type pdf)
<use Korea_buip_scatter.pdf>
Package pdftex.def Info: Korea_buip_scatter.pdf  used on input line 699.
(pdftex.def)             Requested size: 105.84666pt x 74.69022pt.
<Mexico_buip_scatter.pdf, id=1038, 245.718pt x 173.38779pt>
File: Mexico_buip_scatter.pdf Graphic file (type pdf)
<use Mexico_buip_scatter.pdf>
Package pdftex.def Info: Mexico_buip_scatter.pdf  used on input line 703.
(pdftex.def)             Requested size: 105.84666pt x 74.69022pt.
<New_Zealand_buip_scatter.pdf, id=1039, 245.718pt x 173.38779pt>
File: New_Zealand_buip_scatter.pdf Graphic file (type pdf)
<use New_Zealand_buip_scatter.pdf>
Package pdftex.def Info: New_Zealand_buip_scatter.pdf  used on input line 711.
(pdftex.def)             Requested size: 105.84666pt x 74.69022pt.
<Philippines_buip_scatter.pdf, id=1040, 245.718pt x 173.38779pt>
File: Philippines_buip_scatter.pdf Graphic file (type pdf)
<use Philippines_buip_scatter.pdf>
Package pdftex.def Info: Philippines_buip_scatter.pdf  used on input line 715.
(pdftex.def)             Requested size: 105.84666pt x 74.69022pt.
<Switzerland_buip_scatter.pdf, id=1041, 245.718pt x 173.38779pt>
File: Switzerland_buip_scatter.pdf Graphic file (type pdf)
<use Switzerland_buip_scatter.pdf>
Package pdftex.def Info: Switzerland_buip_scatter.pdf  used on input line 719.
(pdftex.def)             Requested size: 105.84666pt x 74.69022pt.
<Thailand_buip_scatter.pdf, id=1042, 245.718pt x 173.38779pt>
File: Thailand_buip_scatter.pdf Graphic file (type pdf)
<use Thailand_buip_scatter.pdf>
Package pdftex.def Info: Thailand_buip_scatter.pdf  used on input line 723.
(pdftex.def)             Requested size: 105.84666pt x 74.69022pt.
<Türkiye_buip_scatter.pdf, id=1043, 245.718pt x 173.38779pt>
File: Türkiye_buip_scatter.pdf Graphic file (type pdf)
<use Türkiye_buip_scatter.pdf>
Package pdftex.def Info: Türkiye_buip_scatter.pdf  used on input line 731.
(pdftex.def)             Requested size: 105.84666pt x 74.69022pt.
<United_Kingdom_buip_scatter.pdf, id=1044, 245.718pt x 173.38779pt>
File: United_Kingdom_buip_scatter.pdf Graphic file (type pdf)
<use United_Kingdom_buip_scatter.pdf>
Package pdftex.def Info: United_Kingdom_buip_scatter.pdf  used on input line 735.
(pdftex.def)             Requested size: 105.84666pt x 74.69022pt.


[23]

[24 <./Australia_buip_scatter.pdf> <./Brazil_buip_scatter.pdf> <./Canada_buip_scatter.pdf> <./Euro_Area_buip_scatter.pdf> <./Indonesia_buip_scatter.pdf> <./Japan_buip_scatter.pdf> <./Korea_buip_scatter.pdf> <./Mexico_buip_scatter.pdf> <./New_Zealand_buip_scatter.pdf> <./Philippines_buip_scatter.pdf> <./Switzerland_buip_scatter.pdf> <./Thailand_buip_scatter.pdf> <./Türkiye_buip_scatter.pdf> <./United_Kingdom_buip_scatter.pdf>]
Underfull \hbox (badness 10000) in paragraph at lines 787--788
 []\T1/cmr/m/it/9 Note\T1/cmr/m/n/9 : Bold val-ues in-di-cate the best (low-est) mea-sure for each met-ric within each 
 []


Underfull \hbox (badness 10000) in paragraph at lines 787--788
 \T1/cmr/m/n/9 coun-try. Val-ues in paren-the-ses in-di-cate mod-els where the thresh-old/cost pa-ram-e- 
 []


Underfull \hbox (badness 10000) in paragraph at lines 787--788
 \T1/cmr/m/n/9 ter ($\OML/cmm/m/it/9 c; k$\T1/cmr/m/n/9 ) lies out-side the em-pir-i-cal sup-port of the tran-si-tion vari-able, sug-gest-ing po- 
 []


Underfull \hbox (badness 10000) in paragraph at lines 787--788
 \T1/cmr/m/n/9 ten-tial non-identification. For these cases, re-sults should be in-ter-preted with cau-tion. 
 []



[25]

[26]

[27]

[28] (./BP_Behavioral_FX_Dynamics_20260107.bbl

[29

]

[30]

[31])

[32]
Underfull \hbox (badness 10000) in paragraph at lines 889--909
[][]
 []

<Australia_str_detailed.pdf, id=1405, 864.53801pt x 426.40494pt>
File: Australia_str_detailed.pdf Graphic file (type pdf)
<use Australia_str_detailed.pdf>
Package pdftex.def Info: Australia_str_detailed.pdf  used on input line 925.
(pdftex.def)             Requested size: 132.30666pt x 65.25275pt.
<Brazil_str_detailed.pdf, id=1406, 860.01299pt x 426.40494pt>
File: Brazil_str_detailed.pdf Graphic file (type pdf)
<use Brazil_str_detailed.pdf>
Package pdftex.def Info: Brazil_str_detailed.pdf  used on input line 930.
(pdftex.def)             Requested size: 132.30666pt x 65.59758pt.
<Canada_str_detailed.pdf, id=1407, 860.02113pt x 426.40494pt>
File: Canada_str_detailed.pdf Graphic file (type pdf)
<use Canada_str_detailed.pdf>
Package pdftex.def Info: Canada_str_detailed.pdf  used on input line 935.
(pdftex.def)             Requested size: 132.30666pt x 65.59758pt.
<Euro_Area_str_detailed.pdf, id=1408, 860.02113pt x 426.40494pt>
File: Euro_Area_str_detailed.pdf Graphic file (type pdf)
<use Euro_Area_str_detailed.pdf>
Package pdftex.def Info: Euro_Area_str_detailed.pdf  used on input line 944.
(pdftex.def)             Requested size: 132.30666pt x 65.59758pt.
<Indonesia_str_detailed.pdf, id=1409, 860.02113pt x 426.40494pt>
File: Indonesia_str_detailed.pdf Graphic file (type pdf)
<use Indonesia_str_detailed.pdf>
Package pdftex.def Info: Indonesia_str_detailed.pdf  used on input line 949.
(pdftex.def)             Requested size: 132.30666pt x 65.59758pt.
<Japan_str_detailed.pdf, id=1410, 864.53801pt x 426.40494pt>
File: Japan_str_detailed.pdf Graphic file (type pdf)
<use Japan_str_detailed.pdf>
Package pdftex.def Info: Japan_str_detailed.pdf  used on input line 954.
(pdftex.def)             Requested size: 132.30666pt x 65.25275pt.
<Korea_str_detailed.pdf, id=1411, 860.02113pt x 426.40494pt>
File: Korea_str_detailed.pdf Graphic file (type pdf)
<use Korea_str_detailed.pdf>
Package pdftex.def Info: Korea_str_detailed.pdf  used on input line 963.
(pdftex.def)             Requested size: 132.30666pt x 65.59758pt.
<Mexico_str_detailed.pdf, id=1412, 860.02113pt x 426.40494pt>
File: Mexico_str_detailed.pdf Graphic file (type pdf)
<use Mexico_str_detailed.pdf>
Package pdftex.def Info: Mexico_str_detailed.pdf  used on input line 968.
(pdftex.def)             Requested size: 132.30666pt x 65.59758pt.
<New_Zealand_str_detailed.pdf, id=1413, 864.53801pt x 426.40494pt>
File: New_Zealand_str_detailed.pdf Graphic file (type pdf)
<use New_Zealand_str_detailed.pdf>
Package pdftex.def Info: New_Zealand_str_detailed.pdf  used on input line 973.
(pdftex.def)             Requested size: 132.30666pt x 65.25275pt.
<Philippines_str_detailed.pdf, id=1414, 864.52986pt x 426.40494pt>
File: Philippines_str_detailed.pdf Graphic file (type pdf)
<use Philippines_str_detailed.pdf>
Package pdftex.def Info: Philippines_str_detailed.pdf  used on input line 982.
(pdftex.def)             Requested size: 132.30666pt x 65.25275pt.
<Switzerland_str_detailed.pdf, id=1415, 860.59328pt x 426.40494pt>
File: Switzerland_str_detailed.pdf Graphic file (type pdf)
<use Switzerland_str_detailed.pdf>
Package pdftex.def Info: Switzerland_str_detailed.pdf  used on input line 987.
(pdftex.def)             Requested size: 132.30666pt x 65.55205pt.
<Thailand_str_detailed.pdf, id=1416, 860.02113pt x 426.40494pt>
File: Thailand_str_detailed.pdf Graphic file (type pdf)
<use Thailand_str_detailed.pdf>
Package pdftex.def Info: Thailand_str_detailed.pdf  used on input line 992.
(pdftex.def)             Requested size: 132.30666pt x 65.59758pt.
<Türkiye_str_detailed.pdf, id=1417, 860.02113pt x 426.40494pt>
File: Türkiye_str_detailed.pdf Graphic file (type pdf)
<use Türkiye_str_detailed.pdf>
Package pdftex.def Info: Türkiye_str_detailed.pdf  used on input line 1001.
(pdftex.def)             Requested size: 132.30666pt x 65.59758pt.
<United_Kingdom_str_detailed.pdf, id=1418, 864.53801pt x 426.40494pt>
File: United_Kingdom_str_detailed.pdf Graphic file (type pdf)
<use United_Kingdom_str_detailed.pdf>
Package pdftex.def Info: United_Kingdom_str_detailed.pdf  used on input line 1006.
(pdftex.def)             Requested size: 132.30666pt x 65.25275pt.


[33

]

[34]
<Australia_buip_detailed.pdf, id=1429, 864.53801pt x 426.40494pt>
File: Australia_buip_detailed.pdf Graphic file (type pdf)
<use Australia_buip_detailed.pdf>
Package pdftex.def Info: Australia_buip_detailed.pdf  used on input line 1026.
(pdftex.def)             Requested size: 132.30666pt x 65.25275pt.
<Brazil_buip_detailed.pdf, id=1430, 855.50426pt x 426.40494pt>
File: Brazil_buip_detailed.pdf Graphic file (type pdf)
<use Brazil_buip_detailed.pdf>
Package pdftex.def Info: Brazil_buip_detailed.pdf  used on input line 1031.
(pdftex.def)             Requested size: 132.30666pt x 65.94243pt.
<Canada_buip_detailed.pdf, id=1431, 860.02113pt x 426.40494pt>
File: Canada_buip_detailed.pdf Graphic file (type pdf)
<use Canada_buip_detailed.pdf>
Package pdftex.def Info: Canada_buip_detailed.pdf  used on input line 1036.
(pdftex.def)             Requested size: 132.30666pt x 65.59758pt.
<Euro_Area_buip_detailed.pdf, id=1432, 860.02113pt x 426.40494pt>
File: Euro_Area_buip_detailed.pdf Graphic file (type pdf)
<use Euro_Area_buip_detailed.pdf>
Package pdftex.def Info: Euro_Area_buip_detailed.pdf  used on input line 1045.
(pdftex.def)             Requested size: 132.30666pt x 65.59758pt.
<Indonesia_buip_detailed.pdf, id=1433, 860.02113pt x 426.40494pt>
File: Indonesia_buip_detailed.pdf Graphic file (type pdf)
<use Indonesia_buip_detailed.pdf>
Package pdftex.def Info: Indonesia_buip_detailed.pdf  used on input line 1050.
(pdftex.def)             Requested size: 132.30666pt x 65.59758pt.
<Japan_buip_detailed.pdf, id=1434, 864.53801pt x 426.40494pt>
File: Japan_buip_detailed.pdf Graphic file (type pdf)
<use Japan_buip_detailed.pdf>
Package pdftex.def Info: Japan_buip_detailed.pdf  used on input line 1055.
(pdftex.def)             Requested size: 132.30666pt x 65.25275pt.
<Korea_buip_detailed.pdf, id=1435, 855.50426pt x 426.40494pt>
File: Korea_buip_detailed.pdf Graphic file (type pdf)
<use Korea_buip_detailed.pdf>
Package pdftex.def Info: Korea_buip_detailed.pdf  used on input line 1064.
(pdftex.def)             Requested size: 132.30666pt x 65.94243pt.
<Mexico_buip_detailed.pdf, id=1436, 860.02113pt x 426.40494pt>
File: Mexico_buip_detailed.pdf Graphic file (type pdf)
<use Mexico_buip_detailed.pdf>
Package pdftex.def Info: Mexico_buip_detailed.pdf  used on input line 1069.
(pdftex.def)             Requested size: 132.30666pt x 65.59758pt.
<New_Zealand_buip_detailed.pdf, id=1437, 864.53801pt x 426.40494pt>
File: New_Zealand_buip_detailed.pdf Graphic file (type pdf)
<use New_Zealand_buip_detailed.pdf>
Package pdftex.def Info: New_Zealand_buip_detailed.pdf  used on input line 1074.
(pdftex.def)             Requested size: 132.30666pt x 65.25275pt.
<Philippines_buip_detailed.pdf, id=1438, 860.02113pt x 426.40494pt>
File: Philippines_buip_detailed.pdf Graphic file (type pdf)
<use Philippines_buip_detailed.pdf>
Package pdftex.def Info: Philippines_buip_detailed.pdf  used on input line 1083.
(pdftex.def)             Requested size: 132.30666pt x 65.59758pt.
<Switzerland_buip_detailed.pdf, id=1439, 864.53801pt x 426.40494pt>
File: Switzerland_buip_detailed.pdf Graphic file (type pdf)
<use Switzerland_buip_detailed.pdf>
Package pdftex.def Info: Switzerland_buip_detailed.pdf  used on input line 1088.
(pdftex.def)             Requested size: 132.30666pt x 65.25275pt.
<Thailand_buip_detailed.pdf, id=1440, 860.02113pt x 426.40494pt>
File: Thailand_buip_detailed.pdf Graphic file (type pdf)
<use Thailand_buip_detailed.pdf>
Package pdftex.def Info: Thailand_buip_detailed.pdf  used on input line 1093.
(pdftex.def)             Requested size: 132.30666pt x 65.59758pt.
<Türkiye_buip_detailed.pdf, id=1441, 860.02113pt x 426.40494pt>
File: Türkiye_buip_detailed.pdf Graphic file (type pdf)
<use Türkiye_buip_detailed.pdf>
Package pdftex.def Info: Türkiye_buip_detailed.pdf  used on input line 1102.
(pdftex.def)             Requested size: 132.30666pt x 65.59758pt.
<United_Kingdom_buip_detailed.pdf, id=1442, 864.53801pt x 426.40494pt>
File: United_Kingdom_buip_detailed.pdf Graphic file (type pdf)
<use United_Kingdom_buip_detailed.pdf>
Package pdftex.def Info: United_Kingdom_buip_detailed.pdf  used on input line 1107.
(pdftex.def)             Requested size: 132.30666pt x 65.25275pt.


[35 <./Australia_str_detailed.pdf> <./Brazil_str_detailed.pdf> <./Canada_str_detailed.pdf> <./Euro_Area_str_detailed.pdf> <./Indonesia_str_detailed.pdf> <./Japan_str_detailed.pdf> <./Korea_str_detailed.pdf> <./Mexico_str_detailed.pdf> <./New_Zealand_str_detailed.pdf> <./Philippines_str_detailed.pdf> <./Switzerland_str_detailed.pdf> <./Thailand_str_detailed.pdf> <./Türkiye_str_detailed.pdf> <./United_Kingdom_str_detailed.pdf>]

[36 <./Australia_buip_detailed.pdf> <./Brazil_buip_detailed.pdf> <./Canada_buip_detailed.pdf> <./Euro_Area_buip_detailed.pdf> <./Indonesia_buip_detailed.pdf> <./Japan_buip_detailed.pdf> <./Korea_buip_detailed.pdf> <./Mexico_buip_detailed.pdf> <./New_Zealand_buip_detailed.pdf> <./Philippines_buip_detailed.pdf> <./Switzerland_buip_detailed.pdf> <./Thailand_buip_detailed.pdf> <./Türkiye_buip_detailed.pdf> <./United_Kingdom_buip_detailed.pdf>] (./BP_Behavioral_FX_Dynamics_20260107.aux)
 ***********
LaTeX2e <2024-11-01> patch level 2
L3 programming layer <2025-01-18>
 ***********
Package rerunfilecheck Info: File `BP_Behavioral_FX_Dynamics_20260107.out' has not changed.
(rerunfilecheck)             Checksum: 3AAADF3EE6EA53C4EEDEF49EDDFF5B96;4908.
 ) 
Here is how much of TeX's memory you used:
 17602 strings out of 473190
 345077 string characters out of 5715800
 724318 words of memory out of 5000000
 40478 multiletter control sequences out of 15000+600000
 579731 words of font info for 88 fonts, out of 8000000 for 9000
 1141 hyphenation exceptions out of 8191
 75i,17n,79p,2082b,1222s stack positions out of 10000i,1000n,20000p,200000b,200000s
</usr/local/texlive/2025/texmf-dist/fonts/type1/public/amsfonts/cm/cmex10.pfb></usr/local/texlive/2025/texmf-dist/fonts/type1/public/amsfonts/cmextra/cmex8.pfb></usr/local/texlive/2025/texmf-dist/fonts/type1/public/amsfonts/cm/cmmi10.pfb></usr/local/texlive/2025/texmf-dist/fonts/type1/public/amsfonts/cm/cmmi5.pfb></usr/local/texlive/2025/texmf-dist/fonts/type1/public/amsfonts/cm/cmmi6.pfb></usr/local/texlive/2025/texmf-dist/fonts/type1/public/amsfonts/cm/cmmi7.pfb></usr/local/texlive/2025/texmf-dist/fonts/type1/public/amsfonts/cm/cmmi8.pfb></usr/local/texlive/2025/texmf-dist/fonts/type1/public/amsfonts/cm/cmmi9.pfb></usr/local/texlive/2025/texmf-dist/fonts/type1/public/amsfonts/cm/cmr10.pfb></usr/local/texlive/2025/texmf-dist/fonts/type1/public/amsfonts/cm/cmr6.pfb></usr/local/texlive/2025/texmf-dist/fonts/type1/public/amsfonts/cm/cmr7.pfb></usr/local/texlive/2025/texmf-dist/fonts/type1/public/amsfonts/cm/cmr8.pfb></usr/local/texlive/2025/texmf-dist/fonts/type1/public/amsfonts/cm/cmr9.pfb></usr/local/texlive/2025/texmf-dist/fonts/type1/public/amsfonts/cm/cmsy10.pfb></usr/local/texlive/2025/texmf-dist/fonts/type1/public/amsfonts/cm/cmsy6.pfb></usr/local/texlive/2025/texmf-dist/fonts/type1/public/amsfonts/cm/cmsy7.pfb></usr/local/texlive/2025/texmf-dist/fonts/type1/public/amsfonts/cm/cmsy8.pfb></usr/local/texlive/2025/texmf-dist/fonts/type1/public/cm-super/sfbx0900.pfb></usr/local/texlive/2025/texmf-dist/fonts/type1/public/cm-super/sfbx1000.pfb></usr/local/texlive/2025/texmf-dist/fonts/type1/public/cm-super/sfbx1200.pfb></usr/local/texlive/2025/texmf-dist/fonts/type1/public/cm-super/sfbx1440.pfb></usr/local/texlive/2025/texmf-dist/fonts/type1/public/cm-super/sfrm0600.pfb></usr/local/texlive/2025/texmf-dist/fonts/type1/public/cm-super/sfrm0700.pfb></usr/local/texlive/2025/texmf-dist/fonts/type1/public/cm-super/sfrm0800.pfb></usr/local/texlive/2025/texmf-dist/fonts/type1/public/cm-super/sfrm0900.pfb></usr/local/texlive/2025/texmf-dist/fonts/type1/public/cm-super/sfrm1000.pfb></usr/local/texlive/2025/texmf-dist/fonts/type1/public/cm-super/sfrm1200.pfb></usr/local/texlive/2025/texmf-dist/fonts/type1/public/cm-super/sfti0900.pfb></usr/local/texlive/2025/texmf-dist/fonts/type1/public/cm-super/sfti1000.pfb></usr/local/texlive/2025/texmf-dist/fonts/type1/public/cm-super/sftt0800.pfb></usr/local/texlive/2025/texmf-dist/fonts/type1/public/cm-super/sftt1000.pfb>
Output written on BP_Behavioral_FX_Dynamics_20260107.pdf (38 pages, 1462796 bytes).
PDF statistics:
 2054 PDF objects out of 2073 (max. 8388607)
 1074 compressed objects within 11 object streams
 164 named destinations out of 1000 (max. 500000)
 470 words of extra memory for PDF output out of 10000 (max. 10000000)

